{
    "Login": "557058:2a6349dc-4346-4805-bd84-3abdd0812d17",
    "Name": "Brad Rydzewski",
    "Email": "",
    "Avatar": "https://bitbucket.org/account/557058:2a6349dc-4346-4805-bd84-3abdd0812d17/avatar/32/"
}